// Jest Snapshot v1, https://goo.gl/fbAQLP

exports[`getData async async тестирование getData 1`] = `
[
  "1",
  "2",
]
`;
